[1/296] 005930 삼성전자
[2/296] 000660 SK하이닉스
[3/296] 402340 SK스퀘어
[4/296] 009150 삼성전기
[5/296] 373220 LG에너지솔루션
[6/296] 005380 현대차
[7/296] 207940 삼성바이오로직스
[8/296] 105560 KB금융
[9/296] 028260 삼성물산
[10/296] 032830 삼성생명
[11/296] 012450 한화에어로스페이스
[12/296] 034020 두산에너빌리티
[13/296] 055550 신한지주
[14/296] 329180 HD현대중공업
[15/296] 000270 기아
[16/296] 034730 SK
[17/296] 006400 삼성SDI
[18/296] 068270 셀트리온
[19/296] 086790 하나금융지주
[20/296] 066570 LG전자
[21/296] 012330 현대모비스
[22/296] 010120 LS ELECTRIC
[23/296] 035420 NAVER
[24/296] 000810 삼성화재
[25/296] 298040 효성중공업
[26/296] 316140 우리금융지주
[27/296] 267260 HD현대일렉트릭
[28/296] 096770 SK이노베이션
[29/296] 005490 POSCO홀딩스
[30/296] 000150 두산
[31/296] 042660 한화오션
[32/296] 009540 HD한국조선해양
[33/296] 010130 고려아연
[34/296] 042700 한미반도체
[35/296] 138040 메리츠금융지주
[36/296] 011200 HMM
[37/296] 015760 한국전력
[38/296] 017670 SK텔레콤
[39/296] 033780 KT&G
[40/296] 051910 LG화학
[41/296] 010140 삼성중공업
[42/296] 010950 S-Oil
[43/296] 006800 미래에셋증권
[44/296] 018260 삼성에스디에스
[45/296] 003550 LG
[46/296] 024110 기업은행
[47/296] 267250 HD현대
[48/296] 003670 포스코퓨처엠
[49/296] 079550 LIG디펜스앤에어로스페이스
[50/296] 035720 카카오
[51/296] 086280 현대글로비스
[52/296] 272210 한화시스템
[53/296] 278470 에이피알
[54/296] 000720 현대건설
[55/296] 030200 KT
[56/296] 011070 LG이노텍
[57/296] 064350 현대로템
[58/296] 047810 한국항공우주
[59/296] 005830 DB손해보험
[60/296] 003490 대한항공
[61/296] 443060 HD현대마린솔루션
[62/296] 071050 한국금융지주
[63/296] 307950 현대오토에버
[64/296] 078930 GS
[65/296] 006260 LS
[66/296] 047050 포스코인터내셔널
[67/296] 028050 삼성E&A
[68/296] 005940 NH투자증권
[69/296] 323410 카카오뱅크
[70/296] 000500 가온전선
[71/296] 180640 한진칼
[72/296] 003230 삼양식품
[73/296] 259960 크래프톤
[74/296] 007660 이수페타시스
[75/296] 090430 아모레퍼시픽
[76/296] 0126Z0 삼성에피스홀딩스
[77/296] 016360 삼성증권
[78/296] 047040 대우건설
[79/296] 161390 한국타이어앤테크놀로지
[80/296] 021240 코웨이
[81/296] 039490 키움증권
[82/296] 000880 한화
[83/296] 352820 하이브
[84/296] 064400 LG씨엔에스
[85/296] 128940 한미약품
[86/296] 009830 한화솔루션
[87/296] 062040 산일전기
[88/296] 032640 LG유플러스
[89/296] 267270 HD건설기계
[90/296] 001440 대한전선
[91/296] 326030 SK바이오팜
[92/296] 353200 대덕전자
[93/296] 000990 DB하이텍
[94/296] 175330 JB금융지주
[95/296] 241560 두산밥캣
[96/296] 377300 카카오페이
[97/296] 000100 유한양행
[98/296] 052690 한전기술
[99/296] 029780 삼성카드
[100/296] 138930 BNK금융지주
[101/296] 088350 한화생명
[102/296] 454910 두산로보틱스
[103/296] 036570 NC
[104/296] 066970 엘앤에프
[105/296] 011790 SKC
[106/296] 051900 LG생활건강
[107/296] 271560 오리온
[108/296] 004020 현대제철
[109/296] 034220 LG디스플레이
[110/296] 002380 KCC
[111/296] 001450 현대해상
[112/296] 082740 한화엔진
[113/296] 103590 일진전기
[114/296] 010060 OCI홀딩스
[115/296] 001040 CJ
[116/296] 008930 한미사이언스
[117/296] 161890 한국콜마
[118/296] 018880 한온시스템
[119/296] 036460 한국가스공사
[120/296] 004170 신세계
[121/296] 012750 에스원
[122/296] 375500 DL이앤씨
[123/296] 336260 두산퓨얼셀
[124/296] 192820 코스맥스
[125/296] 111770 영원무역
[126/296] 035250 강원랜드
[127/296] 022100 포스코DX
[128/296] 028670 팬오션
[129/296] 006360 GS건설
[130/296] 011780 금호석유화학
[131/296] 023530 롯데쇼핑
[132/296] 031210 서울보증보험
[133/296] 017800 현대엘리베이터
[134/296] 251270 넷마블
[135/296] 139130 iM금융지주
[136/296] 302440 SK바이오사이언스
[137/296] 007340 DN오토모티브
[138/296] 004800 효성
[139/296] 097950 CJ제일제당
[140/296] 085620 미래에셋생명
[141/296] 383220 F&F
[142/296] 003690 코리안리
[143/296] 011170 롯데케미칼
[144/296] 014680 한솔케미칼
[145/296] 026960 동서
[146/296] 450080 에코프로머티
[147/296] 009420 한올바이오파마
[148/296] 004990 롯데지주
[149/296] 489790 한화비전
[150/296] 005440 현대지에프홀딩스
[151/296] 004370 농심
[152/296] 000240 한국앤컴퍼니
[153/296] 282330 BGF리테일
[154/296] 483650 달바글로벌
[155/296] 001720 신영증권
[156/296] 005850 에스엘
[157/296] 018670 SK가스
[158/296] 279570 케이뱅크
[159/296] 103140 풍산
[160/296] 204320 HL만도
[161/296] 009970 영원무역홀딩스
[162/296] 112610 씨에스윈드
[163/296] 020150 롯데에너지머티리얼즈
[164/296] 069960 현대백화점
[165/296] 051600 한전KPS
[166/296] 030000 제일기획
[167/296] 002790 아모레퍼시픽홀딩스
[168/296] 081660 미스토홀딩스
[169/296] 139480 이마트
[170/296] 229640 LS에코에너지
[171/296] 457190 이수스페셜티케미컬
[172/296] 007070 GS리테일
[173/296] 073240 금호타이어
[174/296] 462870 시프트업
[175/296] 181710 NHN
[176/296] 089860 롯데렌탈
[177/296] 439260 대한조선
[178/296] 475150 SK이터닉스
[179/296] 020560 아시아나항공
[180/296] 281820 케이씨텍
[181/296] 023590 다우기술
[182/296] 071970 HD현대마린엔진
[183/296] 120110 코오롱인더
[184/296] 000120 CJ대한통운
[185/296] 001430 세아베스틸지주
[186/296] 008770 호텔신라
[187/296] 294870 IPARK현대산업개발
[188/296] 007810 코리아써키트
[189/296] 001120 LX인터내셔널
[190/296] 006040 동원산업
[191/296] 001820 삼화콘덴서
[192/296] 012630 HDC
[193/296] 093370 후성
[194/296] 006280 녹십자
[195/296] 001800 오리온홀딩스
[196/296] 011210 현대위아
[197/296] 361610 SK아이이테크놀로지
[198/296] 005070 코스모신소재
[199/296] 298020 효성티앤씨
[200/296] 322000 HD현대에너지솔루션
[201/296] 097230 HJ중공업
[202/296] 007310 오뚜기
[203/296] 003540 대신증권
[204/296] 192080 더블유게임즈
[205/296] 069620 대웅제약
[206/296] 001740 SK네트웍스
[207/296] 300720 한일시멘트
[208/296] 280360 롯데웰푸드
[209/296] 030610 교보증권
[210/296] 004000 롯데정밀화학
[211/296] 000210 DL
[212/296] 006340 대원전선
[213/296] 000080 하이트진로
[214/296] 006120 SK디스커버리
[215/296] 017960 한국카본
[216/296] 195870 해성디에스
[217/296] 003160 디아이
[218/296] 003240 태광산업
[219/296] 003530 한화투자증권
[220/296] 192400 쿠쿠홀딩스
[221/296] 009240 한샘
[222/296] 032350 롯데관광개발
[223/296] 003090 대웅
[224/296] 030190 NICE평가정보
[225/296] 071320 지역난방공사
[226/296] 185750 종근당
[227/296] 005300 롯데칠성
[228/296] 000370 한화손해보험
[229/296] 034230 파라다이스
[230/296] 077970 STX엔진
[231/296] 009450 경동나비엔
[232/296] 003570 SNT다이내믹스
[233/296] 285130 SK케미칼
[234/296] 079160 CJ CGV
[235/296] 003470 유안타증권
[236/296] 004490 세방전지
[237/296] 006110 삼아알미늄
[238/296] 000670 영풍
[239/296] 100840 SNT에너지
[240/296] 005690 파미셀
[241/296] 005180 빙그레
[242/296] 036530 SNT홀딩스
[243/296] 137310 에스디바이오센서
[244/296] 499790 GS피앤엘
[245/296] 214320 이노션
[246/296] 298050 HS효성첨단소재
[247/296] 094800 맵스리얼티
[248/296] 003850 보령
[249/296] 100090 SK오션플랜트
[250/296] 005090 SGC에너지
[251/296] 456040 OCI
[252/296] 090460 비에이치
[253/296] 064960 SNT모티브
[254/296] 268280 미원에스씨
[255/296] 002960 한국쉘석유
[256/296] 069260 TKG휴켐스
[257/296] 005880 대한해운
[258/296] 001570 금양
[259/296] 093050 LF
[260/296] 017940 E1
[261/296] 453340 현대그린푸드
[262/296] 000400 롯데손해보험
[263/296] 001060 JW중외제약
[264/296] 000640 동아쏘시오홀딩스
[265/296] 248070 솔루엠
[266/296] 383800 LX홀딩스
[267/296] 079900 전진건설로봇
[268/296] 001680 대상
[269/296] 002840 미원상사
[270/296] 317450 명인제약
[271/296] 014820 동원시스템즈
[272/296] 108320 LX세미콘
[273/296] 006650 대한유화
[274/296] 017900 광전자
[275/296] 025540 한국단자
[276/296] 075580 세진중공업
[277/296] 033240 자화전자
[278/296] 192650 드림텍
[279/296] 016380 KG스틸
[280/296] 114090 GKL
[281/296] 002350 넥센타이어
[282/296] 0220W0 한화머시너리앤서비스홀딩스
[283/296] 003300 한일홀딩스
[284/296] 284740 쿠쿠홈시스
[285/296] 001270 부국증권
[286/296] 001510 SK증권
[287/296] 452260 한화갤러리아
[288/296] 336370 솔루스첨단소재
[289/296] 178920 PI첨단소재
[290/296] 005810 풍산홀딩스
[291/296] 004710 한솔테크닉스
[292/296] 001530 DI동일
[293/296] 007700 F&F홀딩스
[294/296] 009410 태영건설
[295/296] 058650 세아홀딩스
[296/296] 019170 신풍제약

Done. Rows in final universe: 253
